// Jest Snapshot v1, https://goo.gl/fbAQLP

exports[`snapshot should match 1`] = `
Array [
  <RCTSafeAreaView
    emulateUnlessSupported={true}
    style={
      Object {
        "backgroundColor": "#1D1283",
      }
    }
  >
    <View
      style={
        Object {
          "alignItems": "flex-start",
          "backgroundColor": "#1D1283",
          "justifyContent": "flex-start",
          "padding": 15,
        }
      }
    >
      <Image
        source={
          Object {
            "testUri": "../../../assets/rdsLogo.png",
          }
        }
        style={
          Object {
            "height": 45,
            "width": 45,
          }
        }
      />
    </View>
  </RCTSafeAreaView>,
  <View
    style={
      Object {
        "flex": 1,
        "justifyContent": "center",
        "padding": 8,
      }
    }
  >
    <View>
      <Text
        style={
          Object {
            "color": "#0034a5",
            "fontSize": 35,
            "fontWeight": "bold",
            "marginBottom": 30,
            "textAlign": "center",
          }
        }
      >
        I am doing a task
      </Text>
      <View
        accessible={true}
        collapsable={false}
        focusable={true}
        nativeID="animatedComponent"
        onClick={[Function]}
        onResponderGrant={[Function]}
        onResponderMove={[Function]}
        onResponderRelease={[Function]}
        onResponderTerminate={[Function]}
        onResponderTerminationRequest={[Function]}
        onStartShouldSetResponder={[Function]}
        style={
          Object {
            "borderColor": "#e49504",
            "borderRadius": 20,
            "borderWidth": 2,
            "marginBottom": 30,
            "marginLeft": "auto",
            "marginRight": "auto",
            "marginTop": 20,
            "opacity": 1,
            "paddingBottom": 20,
            "paddingLeft": 40,
            "paddingRight": 40,
            "paddingTop": 20,
            "textAlign": "center",
            "userSelect": "none",
          }
        }
      >
        <Text
          style={
            Object {
              "color": "#e49504",
              "fontSize": 20,
            }
          }
        >
          change status to idle
        </Text>
      </View>
    </View>
    <View
      accessible={true}
      collapsable={false}
      focusable={true}
      nativeID="animatedComponent"
      onClick={[Function]}
      onResponderGrant={[Function]}
      onResponderMove={[Function]}
      onResponderRelease={[Function]}
      onResponderTerminate={[Function]}
      onResponderTerminationRequest={[Function]}
      onStartShouldSetResponder={[Function]}
      style={
        Object {
          "opacity": 1,
        }
      }
    >
      <Text
        style={
          Object {
            "color": "#0034a5",
            "fontSize": 20,
            "fontWeight": "500",
            "textAlign": "center",
          }
        }
      >
        Mark Yourself as OOO
      </Text>
    </View>
  </View>,
]
`;
